C51 COMPILER V9.01   MAIN                                                                  12/06/2016 10:42:37 PAGE 1   


C51 COMPILER V9.01, COMPILATION OF MODULE MAIN
OBJECT MODULE PLACED IN .\main.obj
COMPILER INVOKED BY: D:\Keil\C51\BIN\C51.EXE ..\App\main.c BROWSE DEBUG OBJECTEXTEND PRINT(.\main.lst) OBJECT(.\main.obj
                    -)

line level    source

   1          #include "..\\Includes.h"
   2          
   3          void init_data()
   4          {
   5   1         _Timer=0;
   6   1         seconds_gone=0;
   7   1      }
   8          
   9          void init_mcu()
  10          {
  11   1              init_timer0();
  12   1              init_uart();
  13   1              init_data();
  14   1              enable_simple_key();
  15   1              init_lcd1602();
  16   1      }
  17          
  18          void main()
  19          {
  20   1      
  21   1              init_mcu();
  22   1              putstr("complete init\r\n");
  23   1              I2C_bytewrite(0xa0,0x00,0x12);
  24   1              printf("%d\r\n",I2C_byteread(0xa0,0x00));
  25   1              state_machine_init();
  26   1              while(1)
  27   1              {
  28   2                      if(sys_tick_int)
  29   2                      {
  30   3                              sys_tick_int=0;
  31   3                              check_simple_key();
  32   3                              state_machine_tick();
  33   3                              state_machine_engine();
  34   3                              if(bDosimpleKey_Event)
  35   3                              {
  36   4                                      bDosimpleKey_Event=0;
  37   4                                      test_led1=0;
  38   4                                      test_led2=0;
  39   4                                      test_led3=0;
  40   4                                      test_led4=0;
  41   4                              }
  42   3                              if(bDoLongsimpleKey_Event)
  43   3                              {
  44   4                                      bDoLongsimpleKey_Event=0;
  45   4                                      test_led1=1;
  46   4                                      test_led2=1;
  47   4                                      test_led3=1;
  48   4                                      test_led4=1;
  49   4                              }
  50   3                      }
  51   2                      
  52   2      
  53   2                      if(clksec_changed)
  54   2                      {
C51 COMPILER V9.01   MAIN                                                                  12/06/2016 10:42:37 PAGE 2   

  55   3                      
  56   3                              clksec_changed=0;                       
  57   3                      }
  58   2              
  59   2              }
  60   1      
  61   1      }


MODULE INFORMATION:   STATIC OVERLAYABLE
   CODE SIZE        =    112    ----
   CONSTANT SIZE    =     21    ----
   XDATA SIZE       =   ----    ----
   PDATA SIZE       =   ----    ----
   DATA SIZE        =   ----    ----
   IDATA SIZE       =   ----    ----
   BIT SIZE         =   ----    ----
END OF MODULE INFORMATION.


C51 COMPILATION COMPLETE.  0 WARNING(S),  0 ERROR(S)
