C51 COMPILER V9.01   MAIN                                                                  11/29/2016 17:44:20 PAGE 1   


C51 COMPILER V9.01, COMPILATION OF MODULE MAIN
OBJECT MODULE PLACED IN .\main.obj
COMPILER INVOKED BY: D:\Keil\C51\BIN\C51.EXE ..\App\main.c BROWSE DEBUG OBJECTEXTEND PRINT(.\main.lst) OBJECT(.\main.obj
                    -)

line level    source

   1          #include "..\\Includes.h"
   2          
   3          void init_data()
   4          {
   5   1         _Timer=0;
   6   1         seconds_gone=0;
   7   1      }
   8          
   9          void init_mcu()
  10          {
  11   1              init_timer0();
  12   1              init_uart();
  13   1              init_data();
  14   1              enable_simple_key();
  15   1      }
  16          
  17          void main()
  18          {
  19   1      
  20   1              init_mcu();
  21   1              while(1)
  22   1              {
  23   2                      if(sys_tick_int)
  24   2                      {
  25   3                              sys_tick_int=0;
  26   3                              #ifndef USE_RECEIVE
                                      check_simple_key();
                                      if(bDosimpleKey_Event)
                                      {
                                              bDosimpleKey_Event=0;
                                              test_led1=0;
                                              test_led2=0;
                                              test_led3=0;
                                              test_led4=0;
                                      }
                                      if(bDoLongsimpleKey_Event)
                                      {
                                              bDoLongsimpleKey_Event=0;
                                              test_led1=1;
                                              test_led2=1;
                                              test_led3=1;
                                              test_led4=1;
                                      }
                                      #endif
  45   3                              #ifdef USE_RECEIVE
  46   3                              read_data=I2C_byteread(0xaa,0x01);
  47   3                              if(read_data!=0xff)
  48   3                              {
  49   4                                      printf("%d\r\n",read_data);
  50   4                              }
  51   3                              #endif                          
  52   3                      }
  53   2                      
  54   2      
C51 COMPILER V9.01   MAIN                                                                  11/29/2016 17:44:20 PAGE 2   

  55   2                      if(clksec_changed)
  56   2                      {       
  57   3                              clksec_changed=0;
  58   3                              printf("%d\r\n",read_data);     
  59   3                              #ifndef USE_RECEIVE
                                      I2C_bytewrite(0xaa,0x01,0x03);
                                      #endif
  62   3      
  63   3                      }
  64   2              
  65   2              }
  66   1      
  67   1      }


MODULE INFORMATION:   STATIC OVERLAYABLE
   CODE SIZE        =     71    ----
   CONSTANT SIZE    =      5    ----
   XDATA SIZE       =   ----    ----
   PDATA SIZE       =   ----    ----
   DATA SIZE        =   ----    ----
   IDATA SIZE       =   ----    ----
   BIT SIZE         =   ----    ----
END OF MODULE INFORMATION.


C51 COMPILATION COMPLETE.  0 WARNING(S),  0 ERROR(S)
